2018-11-24 18:03:13.086 [main] INFO  com.sgic.automation.demo.util.Log >> ****************************************
2018-11-24 18:03:13.091 [main] INFO  com.sgic.automation.demo.util.Log >> ******************start*****************
2018-11-24 18:03:13.093 [main] INFO  com.sgic.automation.demo.util.Log >> ****************************************
2018-11-24 18:03:20.609 [main] INFO  com.sgic.automation.demo.util.Log >> ****************************************
2018-11-24 18:03:20.609 [main] INFO  com.sgic.automation.demo.util.Log >> ****************end*********************
2018-11-24 18:03:20.610 [main] INFO  com.sgic.automation.demo.util.Log >> ****************************************
